// Jest Snapshot v1, https://goo.gl/fbAQLP

exports[`snapshots should render correctly the slider 1`] = `
<div
  className="sc-gtsrHT bNtySs"
>
  <div
    className="sc-dlnjwi jqJMsp"
    data-testid="0-slide"
    style={
      Object {
        "marginLeft": "-0%",
      }
    }
  >
    <div
      className="sc-hKFxyN bhZNsx"
      data-testid="caption"
    >
      <p
        className="sc-bdnxRM ksaGXG sc-pNWdM fQIpJF"
        size="xl"
      >
        title
      </p>
      <p
        className="sc-bdnxRM fmvsy sc-jrsJWt GCejX"
        size="medium"
      >
        description
      </p>
    </div>
    <div
      className="sc-jSFjdj duCRrc"
    >
      <img
        className="sc-eCApnc jEkbAm"
        data-testid="img"
        src="http://image.tmdb.org/t/p/original/iLLDiO4dbUfFEnRug8DuvFEl1NB.jpg"
      />
    </div>
  </div>
  <div
    className="sc-gKAaRy eUZzQG"
    data-testid="dots"
  >
    <div
      className="sc-iCoGMd jyzrzN"
      data-testid="dot-0"
      onClick={[Function]}
    />
  </div>
</div>
`;
